0 verbose cli C:\Program Files\nodejs\node.exe C:\Program Files\nodejs\node_modules\npm\bin\npm-cli.js
1 info using npm@11.17.0
2 info using node@v24.19.0
3 silly config load:file:C:\Program Files\nodejs\node_modules\npm\npmrc
4 silly config load:file:C:\Users\MCCUL\codebox-day-1\.npmrc
5 silly config load:file:C:\Users\MCCUL\.npmrc
6 silly config load:file:C:\Users\MCCUL\AppData\Roaming\npm\etc\npmrc
7 verbose title npm install
8 verbose argv "install" "--cache" ".npm-cache"
9 verbose logfile logs-max:10 dir:C:\Users\MCCUL\codebox-day-1\.npm-cache\_logs\2026-09-25T00_38_07_389Z-
10 verbose logfile C:\Users\MCCUL\codebox-day-1\.npm-cache\_logs\2026-09-25T00_38_07_389Z-debug-0.log
11 silly logfile done cleaning log files
12 silly packumentCache heap:2348810240 maxSize:587202560 maxEntrySize:293601280
13 silly idealTree buildDeps
14 silly reify mark retired [
14 silly reify   'C:\\Users\\MCCUL\\codebox-day-1\\node_modules\\@supabase\\middleware'
14 silly reify ]
15 silly reify mark retired [ 'C:\\Users\\MCCUL\\codebox-day-1\\node_modules\\@supabase\\server' ]
16 silly reify mark retired [ 'C:\\Users\\MCCUL\\codebox-day-1\\node_modules\\jose' ]
17 silly reify mark retired [ 'C:\\Users\\MCCUL\\codebox-day-1\\node_modules\\std-env' ]
18 silly reify moves {
18 silly reify   'C:\\Users\\MCCUL\\codebox-day-1\\node_modules\\@supabase\\middleware': 'C:\\Users\\MCCUL\\codebox-day-1\\node_modules\\@supabase\\.middleware-f2PG9wXu',
18 silly reify   'C:\\Users\\MCCUL\\codebox-day-1\\node_modules\\@supabase\\server': 'C:\\Users\\MCCUL\\codebox-day-1\\node_modules\\@supabase\\.server-fPp6xepF',
18 silly reify   'C:\\Users\\MCCUL\\codebox-day-1\\node_modules\\jose': 'C:\\Users\\MCCUL\\codebox-day-1\\node_modules\\.jose-10DkR59F',
18 silly reify   'C:\\Users\\MCCUL\\codebox-day-1\\node_modules\\std-env': 'C:\\Users\\MCCUL\\codebox-day-1\\node_modules\\.std-env-pA4ABTpr'
18 silly reify }
19 silly audit bulk request {
19 silly audit   '@supabase/auth-js': [ '2.117.1' ],
19 silly audit   '@supabase/functions-js': [ '2.117.1' ],
19 silly audit   '@supabase/phoenix': [ '0.4.5' ],
19 silly audit   '@supabase/postgrest-js': [ '2.117.1' ],
19 silly audit   '@supabase/realtime-js': [ '2.117.1' ],
19 silly audit   '@supabase/storage-js': [ '2.117.1' ],
19 silly audit   '@supabase/supabase-js': [ '2.117.1' ],
19 silly audit   accepts: [ '2.0.0' ],
19 silly audit   'body-parser': [ '2.3.0' ],
19 silly audit   'content-type': [ '2.1.0', '1.0.5' ],
19 silly audit   'buffer-equal-constant-time': [ '1.0.1' ],
19 silly audit   bytes: [ '3.1.2' ],
19 silly audit   'call-bind-apply-helpers': [ '1.0.2' ],
19 silly audit   'call-bound': [ '1.0.4' ],
19 silly audit   'content-disposition': [ '1.1.0' ],
19 silly audit   cookie: [ '0.7.2' ],
19 silly audit   'cookie-signature': [ '1.2.2' ],
19 silly audit   debug: [ '4.4.3' ],
19 silly audit   depd: [ '2.0.0' ],
19 silly audit   dotenv: [ '18.0.3' ],
19 silly audit   'dunder-proto': [ '1.0.1' ],
19 silly audit   'ecdsa-sig-formatter': [ '1.0.11' ],
19 silly audit   'ee-first': [ '1.1.1' ],
19 silly audit   encodeurl: [ '2.0.0' ],
19 silly audit   'es-define-property': [ '1.0.1' ],
19 silly audit   'es-errors': [ '1.3.0' ],
19 silly audit   'es-object-atoms': [ '1.1.2' ],
19 silly audit   'escape-html': [ '1.0.3' ],
19 silly audit   etag: [ '1.8.1' ],
19 silly audit   express: [ '5.2.1' ],
19 silly audit   finalhandler: [ '2.1.1' ],
19 silly audit   forwarded: [ '0.2.0' ],
19 silly audit   fresh: [ '2.0.0' ],
19 silly audit   'function-bind': [ '1.1.2' ],
19 silly audit   'get-intrinsic': [ '1.3.0' ],
19 silly audit   'get-proto': [ '1.0.1' ],
19 silly audit   gopd: [ '1.2.0' ],
19 silly audit   'has-symbols': [ '1.1.0' ],
19 silly audit   hasown: [ '2.0.4' ],
19 silly audit   'http-errors': [ '2.0.1' ],
19 silly audit   'iceberg-js': [ '0.8.1' ],
19 silly audit   'iconv-lite': [ '0.7.3' ],
19 silly audit   inherits: [ '2.0.4' ],
19 silly audit   'ipaddr.js': [ '1.9.1' ],
19 silly audit   'is-promise': [ '4.0.0' ],
19 silly audit   jsonwebtoken: [ '9.0.3' ],
19 silly audit   jwa: [ '2.0.1' ],
19 silly audit   jws: [ '4.0.1' ],
19 silly audit   'lodash.includes': [ '4.3.0' ],
19 silly audit   'lodash.isboolean': [ '3.0.3' ],
19 silly audit   'lodash.isinteger': [ '4.0.4' ],
19 silly audit   'lodash.isnumber': [ '3.0.3' ],
19 silly audit   'lodash.isplainobject': [ '4.0.6' ],
19 silly audit   'lodash.isstring': [ '4.0.1' ],
19 silly audit   'lodash.once': [ '4.1.1' ],
19 silly audit   'math-intrinsics': [ '1.1.0' ],
19 silly audit   'media-typer': [ '1.1.1' ],
19 silly audit   'merge-descriptors': [ '2.0.0' ],
19 silly audit   'mime-db': [ '1.54.0' ],
19 silly audit   'mime-types': [ '3.0.2' ],
19 silly audit   ms: [ '2.1.3' ],
19 silly audit   negotiator: [ '1.1.0' ],
19 silly audit   'object-inspect': [ '1.13.4' ],
19 silly audit   'on-finished': [ '2.4.1' ],
19 silly audit   once: [ '1.4.0' ],
19 silly audit   parseurl: [ '1.3.3' ],
19 silly audit   'path-to-regexp': [ '8.4.2' ],
19 silly audit   'proxy-addr': [ '2.0.8' ],
19 silly audit   qs: [ '6.16.0' ],
19 silly audit   'range-parser': [ '1.3.0' ],
19 silly audit   'raw-body': [ '3.0.2' ],
19 silly audit   router: [ '2.2.0' ],
19 silly audit   'safe-buffer': [ '5.2.1' ],
19 silly audit   'safer-buffer': [ '2.1.2' ],
19 silly audit   semver: [ '7.8.5' ],
19 silly audit   send: [ '1.2.1' ],
19 silly audit   'serve-static': [ '2.2.1' ],
19 silly audit   setprototypeof: [ '1.2.0' ],
19 silly audit   'side-channel': [ '1.1.1' ],
19 silly audit   'side-channel-list': [ '1.0.1' ],
19 silly audit   'side-channel-map': [ '1.0.1' ],
19 silly audit   'side-channel-weakmap': [ '1.0.2' ],
19 silly audit   statuses: [ '2.0.2' ],
19 silly audit   toidentifier: [ '1.0.1' ],
19 silly audit   tslib: [ '2.8.1' ],
19 silly audit   'type-is': [ '2.1.0' ],
19 silly audit   unpipe: [ '1.0.0' ],
19 silly audit   vary: [ '1.1.2' ],
19 silly audit   wrappy: [ '1.0.2' ]
19 silly audit }
20 http fetch POST 200 https://registry.npmjs.org/-/npm/v1/security/advisories/bulk 137ms
21 silly audit report {}
22 silly REMOVE node_modules/std-env
23 silly REMOVE node_modules/jose
24 silly REMOVE node_modules/@supabase/server
25 silly REMOVE node_modules/@supabase/middleware
26 verbose cwd C:\Users\MCCUL\codebox-day-1
27 verbose os Windows_NT 10.0.26200
28 verbose node v24.19.0
29 verbose npm  v11.17.0
30 verbose exit 0
31 info ok
